// Jest Snapshot v1, https://goo.gl/fbAQLP

exports[`<HeroScreen /> testing should show redirect component if there are no arguments 1`] = `""`;
